Sun Feb  1 18:57:31 CST 2026: Starting GitHub Pages deployment
Sun Feb  1 18:57:31 CST 2026: Build verification passed
Sun Feb  1 18:57:31 CST 2026: gh-pages branch doesn't exist, creating it
Sun Feb  1 18:57:33 CST 2026: Successfully deployed to GitHub Pages
Sun Feb  1 18:57:33 CST 2026: Deployment completed successfully
Sun Feb  1 18:57:33 CST 2026: GitHub Pages deployment script finished
Sun Feb  1 19:30:01 CST 2026: Starting GitHub Pages deployment
Sun Feb  1 19:30:01 CST 2026: Build verification passed
Sun Feb  1 19:30:01 CST 2026: Successfully cloned gh-pages branch
Sun Feb  1 19:30:02 CST 2026: Successfully deployed to GitHub Pages
Sun Feb  1 19:30:02 CST 2026: Deployment completed successfully
Sun Feb  1 19:30:02 CST 2026: GitHub Pages deployment script finished
Sun Feb  1 19:34:30 CST 2026: Starting GitHub Pages deployment
Sun Feb  1 19:34:30 CST 2026: Build verification passed
Sun Feb  1 19:34:30 CST 2026: Successfully cloned gh-pages branch
Sun Feb  1 19:34:31 CST 2026: Successfully deployed to GitHub Pages
Sun Feb  1 19:34:31 CST 2026: Deployment completed successfully
Sun Feb  1 19:34:31 CST 2026: GitHub Pages deployment script finished
Sun Feb  1 19:34:49 CST 2026: Starting GitHub Pages deployment
Sun Feb  1 19:34:49 CST 2026: Build verification passed
Sun Feb  1 19:34:50 CST 2026: Successfully cloned gh-pages branch
Sun Feb  1 19:34:51 CST 2026: Successfully deployed to GitHub Pages
Sun Feb  1 19:34:51 CST 2026: Deployment completed successfully
Sun Feb  1 19:34:51 CST 2026: GitHub Pages deployment script finished
Sun Feb  1 19:35:19 CST 2026: Starting GitHub Pages deployment
Sun Feb  1 19:35:19 CST 2026: Build verification passed
Sun Feb  1 19:35:19 CST 2026: Successfully cloned gh-pages branch
Sun Feb  1 19:35:20 CST 2026: Successfully deployed to GitHub Pages
Sun Feb  1 19:35:20 CST 2026: Deployment completed successfully
Sun Feb  1 19:35:20 CST 2026: GitHub Pages deployment script finished
Sun Feb  1 19:35:26 CST 2026: Starting GitHub Pages deployment
Sun Feb  1 19:35:26 CST 2026: Build verification passed
Sun Feb  1 19:35:26 CST 2026: Successfully cloned gh-pages branch
Sun Feb  1 19:35:27 CST 2026: Successfully deployed to GitHub Pages
Sun Feb  1 19:35:27 CST 2026: Deployment completed successfully
Sun Feb  1 19:35:27 CST 2026: GitHub Pages deployment script finished
Sun Feb  1 19:36:40 CST 2026: Starting GitHub Pages deployment
Sun Feb  1 19:36:40 CST 2026: Build verification passed
Sun Feb  1 19:36:40 CST 2026: Successfully cloned gh-pages branch
Sun Feb  1 19:36:41 CST 2026: Successfully deployed to GitHub Pages
Sun Feb  1 19:36:41 CST 2026: Deployment completed successfully
Sun Feb  1 19:36:41 CST 2026: GitHub Pages deployment script finished
Sun Feb  1 19:38:01 CST 2026: Starting GitHub Pages deployment
Sun Feb  1 19:38:01 CST 2026: Build verification passed
Sun Feb  1 19:38:01 CST 2026: Successfully cloned gh-pages branch
Sun Feb  1 19:38:01 CST 2026: No changes to deploy
Sun Feb  1 19:38:01 CST 2026: GitHub Pages deployment script finished
Sun Feb  1 19:38:08 CST 2026: Starting GitHub Pages deployment
Sun Feb  1 19:38:08 CST 2026: Build verification passed
Sun Feb  1 19:38:09 CST 2026: Successfully cloned gh-pages branch
Sun Feb  1 19:38:09 CST 2026: No changes to deploy
Sun Feb  1 19:38:09 CST 2026: GitHub Pages deployment script finished
Sun Feb  1 19:41:52 CST 2026: Starting GitHub Pages deployment
Sun Feb  1 19:41:52 CST 2026: Build verification passed
Sun Feb  1 19:41:52 CST 2026: Successfully cloned gh-pages branch
Sun Feb  1 19:41:53 CST 2026: Successfully deployed to GitHub Pages
Sun Feb  1 19:41:53 CST 2026: Deployment completed successfully
Sun Feb  1 19:41:53 CST 2026: GitHub Pages deployment script finished
